image: quay.io/hallamlab/external_ecspr:2026.07.14

#0 building with "default" instance using docker driver

#1 [internal] load build definition from Dockerfile
#1 transferring dockerfile: 2.40kB done
#1 DONE 0.1s

#2 [internal] load metadata for docker.io/condaforge/miniforge3:25.3.0-3
#2 DONE 0.4s

#3 [build-env 1/8] FROM docker.io/condaforge/miniforge3:25.3.0-3@sha256:f1f537ff80646e3aaf84e64abf6249cdc3f20889aa0a8d41535e62925c959f64
#3 resolve docker.io/condaforge/miniforge3:25.3.0-3@sha256:f1f537ff80646e3aaf84e64abf6249cdc3f20889aa0a8d41535e62925c959f64 0.0s done
#3 sha256:32f112e3802cadcab3543160f4d2aa607b3cc1c62140d57b4f5441384f40e927 29.72MB / 29.72MB 2.5s done
#3 extracting sha256:32f112e3802cadcab3543160f4d2aa607b3cc1c62140d57b4f5441384f40e927 1.1s done
#3 sha256:e6f81982eee39c0ef3786307fb289efbc5f04ef25993dd9b2aabf90d3bb6ddc3 130.77MB / 130.77MB 8.3s done
#3 extracting sha256:e6f81982eee39c0ef3786307fb289efbc5f04ef25993dd9b2aabf90d3bb6ddc3 3.2s done
#3 DONE 11.6s

#4 [build-env 2/8] RUN old_umask=`umask`     && umask 0000     && umask $old_umask
#4 DONE 1.7s

#5 [internal] load .dockerignore
#5 transferring context: 52B done
#5 DONE 0.0s

#6 [internal] load build context
#6 transferring context: 25.09kB done
#6 DONE 0.1s

#7 [build-env 3/8] ADD ./load/env.yml /opt/env.yml
#7 DONE 0.1s

#8 [build-env 4/8] RUN --mount=type=cache,target=/opt/conda/pkgs     mamba env create -n ecspr_env -f /opt/env.yml
#8 15.60 
#8 27.39 
#8 27.39 Transaction
#8 27.39 
#8 27.39   Prefix: /opt/conda/envs/ecspr_env
#8 27.39 
#8 27.39   Updating specs:
#8 27.39 
#8 27.39    - python=3.12
#8 27.39    - numpy>=2
#8 27.39    - pandas
#8 27.39    - scipy
#8 27.39    - scikit-learn
#8 27.39    - networkx
#8 27.39    - pyarrow
#8 27.39    - pip
#8 27.39 
#8 27.39 
#8 27.40   Package                                  Version  Build                 Channel          Size
#8 27.40 ─────────────────────────────────────────────────────────────────────────────────────────────────
#8 27.40   Install:
#8 27.40 ─────────────────────────────────────────────────────────────────────────────────────────────────
#8 27.40 
#8 27.40   + _openmp_mutex                              4.5  20_gnu                conda-forge      29kB
#8 27.40   + aws-c-auth                              0.10.3  hdc83ae9_4            conda-forge     135kB
#8 27.40   + aws-c-cal                               0.9.14  h6e18c7b_3            conda-forge      57kB
#8 27.40   + aws-c-common                            0.14.1  hb03c661_0            conda-forge     245kB
#8 27.40   + aws-c-compression                        0.3.2  haaf8e00_3            conda-forge      22kB
#8 27.40   + aws-c-event-stream                       0.7.1  h31346e9_3            conda-forge      60kB
#8 27.40   + aws-c-http                              0.11.0  h434eaf2_3            conda-forge     231kB
#8 27.40   + aws-c-io                                0.26.3  ha0b0e19_6            conda-forge     182kB
#8 27.40   + aws-c-mqtt                              0.16.0  h4976820_1            conda-forge     225kB
#8 27.40   + aws-c-s3                                0.12.6  hd767fb6_1            conda-forge     154kB
#8 27.40   + aws-c-sdkutils                           0.2.7  haaf8e00_1            conda-forge      69kB
#8 27.40   + aws-checksums                           0.2.10  haaf8e00_3            conda-forge     102kB
#8 27.40   + aws-crt-cpp                             0.40.1  h085388a_2            conda-forge     416kB
#8 27.40   + aws-sdk-cpp                           1.11.833  h799c9a6_8            conda-forge       3MB
#8 27.40   + azure-core-cpp                          1.16.3  h206d751_0            conda-forge     349kB
#8 27.40   + azure-identity-cpp                      1.13.3  h71f81a8_2            conda-forge     251kB
#8 27.40   + azure-storage-blobs-cpp                12.18.0  h74b55db_1            conda-forge     590kB
#8 27.40   + azure-storage-common-cpp               12.14.0  hf596fc9_1            conda-forge     159kB
#8 27.40   + azure-storage-files-datalake-cpp       12.16.0  h1f05bef_1            conda-forge     309kB
#8 27.40   + bzip2                                    1.0.8  hda65f42_9            conda-forge     260kB
#8 27.40   + c-ares                                  1.34.7  hb03c661_0            conda-forge     210kB
#8 27.40   + ca-certificates                      2026.6.17  hbd8a1cb_0            conda-forge     129kB
#8 27.40   + gflags                                   2.2.2  h5888daf_1005         conda-forge     120kB
#8 27.40   + glog                                     0.7.1  hbabe93e_0            conda-forge     143kB
#8 27.40   + icu                                       78.3  h33c6efd_0            conda-forge      13MB
#8 27.40   + joblib                                   1.5.3  pyhd8ed1ab_0          conda-forge     226kB
#8 27.40   + keyutils                                 1.6.3  hb9d3cd8_0            conda-forge     134kB
#8 27.40   + krb5                                    1.22.2  hbde042b_1            conda-forge       1MB
#8 27.40   + ld_impl_linux-64                        2.45.1  default_hbd61a6d_102  conda-forge     728kB
#8 27.40   + libabseil                           20260526.0  cxx17_h7b12aa8_1      conda-forge       1MB
#8 27.40   + libarrow                                24.0.0  hcdbc531_10_cpu       conda-forge       7MB
#8 27.40   + libarrow-acero                          24.0.0  h635bf11_10_cpu       conda-forge     591kB
#8 27.40   + libarrow-compute                        24.0.0  h53684a4_10_cpu       conda-forge       3MB
#8 27.40   + libarrow-dataset                        24.0.0  h635bf11_10_cpu       conda-forge     591kB
#8 27.40   + libarrow-substrait                      24.0.0  h66fbfdd_10_cpu       conda-forge     500kB
#8 27.40   + libblas                                 3.11.0  8_h4a7cf45_openblas   conda-forge      19kB
#8 27.40   + libbrotlicommon                          1.2.0  hb03c661_1            conda-forge      80kB
#8 27.40   + libbrotlidec                             1.2.0  hb03c661_1            conda-forge      35kB
#8 27.40   + libbrotlienc                             1.2.0  hb03c661_1            conda-forge     298kB
#8 27.40   + libcblas                                3.11.0  8_h0358290_openblas   conda-forge      19kB
#8 27.40   + libcrc32c                                1.1.2  h9c3ff4c_0            conda-forge      20kB
#8 27.40   + libcurl                                 8.21.0  hae6b9f4_2            conda-forge     480kB
#8 27.40   + libedit                           3.1.20250104  pl5321h7949ede_0      conda-forge     135kB
#8 27.40   + libev                                     4.33  hd590300_2            conda-forge     113kB
#8 27.40   + libevent                                2.1.12  hf998b51_1            conda-forge     427kB
#8 27.40   + libexpat                                 2.8.1  hecca717_1            conda-forge      78kB
#8 27.40   + libffi                                   3.5.2  h3435931_0            conda-forge      59kB
#8 27.40   + libgcc                                  15.2.0  he0feb66_19           conda-forge       1MB
#8 27.40   + libgcc-ng                               15.2.0  h69a702a_19           conda-forge      28kB
#8 27.40   + libgfortran                             15.2.0  h69a702a_19           conda-forge      28kB
#8 27.40   + libgfortran5                            15.2.0  h68bc16d_19           conda-forge       2MB
#8 27.40   + libgomp                                 15.2.0  he0feb66_19           conda-forge     604kB
#8 27.40   + libgoogle-cloud                          3.6.0  hbc29df5_1            conda-forge       3MB
#8 27.40   + libgoogle-cloud-storage                  3.6.0  hdbdcf42_1            conda-forge     785kB
#8 27.40   + libgrpc                                 1.82.1  h792040b_0            conda-forge       7MB
#8 27.40   + libiconv                                  1.18  h3b78370_2            conda-forge     790kB
#8 27.40   + liblapack                               3.11.0  8_h47877c9_openblas   conda-forge      19kB
#8 27.40   + liblzma                                  5.8.3  hb03c661_0            conda-forge     113kB
#8 27.40   + libnghttp2                              1.68.1  h877daf1_0            conda-forge     663kB
#8 27.40   + libnsl                                   2.0.1  hb9d3cd8_1            conda-forge      34kB
#8 27.40   + libopenblas                             0.3.33  pthreads_h94d23a6_0   conda-forge       6MB
#8 27.40   + libopentelemetry-cpp                    1.27.0  h3133023_1            conda-forge     949kB
#8 27.40   + libopentelemetry-cpp-headers            1.27.0  ha770c72_1            conda-forge     395kB
#8 27.40   + libparquet                              24.0.0  h7376487_10_cpu       conda-forge       1MB
#8 27.40   + libprotobuf                             7.35.1  h2840a7c_2            conda-forge       4MB
#8 27.40   + libpsl                                  0.22.0  h49b2146_1            conda-forge      70kB
#8 27.40   + libre2-11                           2025.11.05  h60473fc_2            conda-forge     211kB
#8 27.40   + libsqlite                               3.53.3  h0c1763c_0            conda-forge     962kB
#8 27.40   + libssh2                                 1.11.1  hcf80075_0            conda-forge     305kB
#8 27.40   + libstdcxx                               15.2.0  h934c35e_19           conda-forge       6MB
#8 27.40   + libstdcxx-ng                            15.2.0  hdf11a46_19           conda-forge      28kB
#8 27.40   + libthrift                               0.22.0  h7d032f7_2            conda-forge     424kB
#8 27.40   + libutf8proc                             2.11.3  hfe17d71_0            conda-forge      86kB
#8 27.40   + libuuid                                 2.42.2  h5347b49_0            conda-forge      40kB
#8 27.40   + libxcrypt                               4.4.36  hd590300_1            conda-forge     100kB
#8 27.40   + libxml2                                 2.15.3  h49c6c72_0            conda-forge      47kB
#8 27.40   + libxml2-16                              2.15.3  hca6bf5a_0            conda-forge     560kB
#8 27.40   + libzlib                                  1.3.2  h25fd6f3_2            conda-forge      64kB
#8 27.40   + lz4-c                                   1.10.0  h5888daf_1            conda-forge     167kB
#8 27.40   + narwhals                                2.24.0  pyhcf101f3_0          conda-forge     290kB
#8 27.40   + ncurses                                    6.6  hdb14827_0            conda-forge     919kB
#8 27.40   + networkx                                 3.6.1  pyhcf101f3_0          conda-forge       2MB
#8 27.40   + nlohmann_json                           3.12.0  h54a6638_1            conda-forge     136kB
#8 27.40   + numpy                                    2.5.1  py312h33ff503_0       conda-forge       9MB
#8 27.40   + openssl                                  3.6.3  h35e630c_0            conda-forge       3MB
#8 27.40   + orc                                      2.3.0  h443056b_2            conda-forge       1MB
#8 27.40   + packaging                                 26.2  pyhc364b38_0          conda-forge      92kB
#8 27.40   + pandas                                   3.0.3  py312h8ecdadd_0       conda-forge      15MB
#8 27.40   + pip                                     26.1.2  pyh8b19718_0          conda-forge       1MB
#8 27.40   + prometheus-cpp                           1.3.0  ha5d0236_0            conda-forge     200kB
#8 27.40   + pyarrow                                 24.0.0  py312h7900ff3_0       conda-forge      27kB
#8 27.40   + pyarrow-core                            24.0.0  py312h2054cf2_0_cpu   conda-forge       5MB
#8 27.40   + python                                 3.12.13  hd63d673_0_cpython    conda-forge      32MB
#8 27.40   + python-dateutil                    2.9.0.post0  pyhe01879c_2          conda-forge     233kB
#8 27.40   + python_abi                                3.12  8_cp312               conda-forge       7kB
#8 27.40   + re2                                 2025.11.05  h94463f1_2            conda-forge      27kB
#8 27.40   + readline                                   8.3  h853b02a_0            conda-forge     345kB
#8 27.40   + s2n                                      1.7.5  h7e3ee7f_1            conda-forge     393kB
#8 27.40   + scikit-learn                             1.9.0  np2py312h3226591_0    conda-forge      10MB
#8 27.40   + scipy                                   1.18.0  py312h54fa4ab_0       conda-forge      17MB
#8 27.40   + setuptools                              83.0.0  pyh332efcf_0          conda-forge     642kB
#8 27.40   + six                                     1.17.0  pyhe01879c_1          conda-forge      18kB
#8 27.40   + snappy                                   1.2.2  h03e3b7b_1            conda-forge      46kB
#8 27.40   + threadpoolctl                            3.6.0  pyhecae5ae_0          conda-forge      24kB
#8 27.40   + tk                                      8.6.13  noxft_h366c992_103    conda-forge       3MB
#8 27.40   + tzdata                                   2025c  hc9c84f9_1            conda-forge     119kB
#8 27.40   + wheel                                   0.47.0  pyhd8ed1ab_0          conda-forge      33kB
#8 27.40   + zlib                                     1.3.2  h25fd6f3_2            conda-forge      96kB
#8 27.40   + zstd                                     1.5.7  hb78ec9c_6            conda-forge     601kB
#8 27.40 
#8 27.40   Summary:
#8 27.40 
#8 27.40   Install: 109 packages
#8 27.40 
#8 27.40   Total download: 178MB
#8 27.40 
#8 27.40 ─────────────────────────────────────────────────────────────────────────────────────────────────
#8 27.40 
#8 27.40 
#8 27.40 Confirm changes: [Y/n] 
#8 27.40 Transaction starting
#8 33.17 Linking libzlib-1.3.2-h25fd6f3_2
#8 33.17 Linking libgomp-15.2.0-he0feb66_19
#8 33.17 Linking libopentelemetry-cpp-headers-1.27.0-ha770c72_1
#8 33.26 Linking nlohmann_json-3.12.0-h54a6638_1
#8 33.27 Linking zstd-1.5.7-hb78ec9c_6
#8 33.27 Linking zlib-1.3.2-h25fd6f3_2
#8 33.27 Linking _openmp_mutex-4.5-20_gnu
#8 33.27 Linking ld_impl_linux-64-2.45.1-default_hbd61a6d_102
#8 33.28 Linking libgcc-15.2.0-he0feb66_19
#8 33.29 Linking tk-8.6.13-noxft_h366c992_103
#8 33.35 Linking libsqlite-3.53.3-h0c1763c_0
#8 33.36 Linking libffi-3.5.2-h3435931_0
#8 33.36 Linking libiconv-1.18-h3b78370_2
#8 33.39 Linking keyutils-1.6.3-hb9d3cd8_0
#8 33.40 Linking c-ares-1.34.7-hb03c661_0
#8 33.42 Linking libbrotlicommon-1.2.0-hb03c661_1
#8 33.42 Linking aws-c-common-0.14.1-hb03c661_0
#8 33.44 Linking libutf8proc-2.11.3-hfe17d71_0
#8 33.44 Linking libgcc-ng-15.2.0-h69a702a_19
#8 33.44 Linking libuuid-2.42.2-h5347b49_0
#8 33.44 Linking libnsl-2.0.1-hb9d3cd8_1
#8 33.44 Linking liblzma-5.8.3-hb03c661_0
#8 33.44 Linking libexpat-2.8.1-hecca717_1
#8 33.44 Linking bzip2-1.0.8-hda65f42_9
#8 33.45 Linking ncurses-6.6-hdb14827_0
#8 34.89 Linking libgfortran5-15.2.0-h68bc16d_19
#8 34.89 Linking libstdcxx-15.2.0-h934c35e_19
#8 34.91 Linking libbrotlienc-1.2.0-hb03c661_1
#8 34.91 Linking libbrotlidec-1.2.0-hb03c661_1
#8 34.91 Linking aws-checksums-0.2.10-haaf8e00_3
#8 34.91 Linking aws-c-compression-0.3.2-haaf8e00_3
#8 34.92 Linking aws-c-sdkutils-0.2.7-haaf8e00_1
#8 34.92 Linking libev-4.33-hd590300_2
#8 34.92 Linking libxcrypt-4.4.36-hd590300_1
#8 34.92 Linking libedit-3.1.20250104-pl5321h7949ede_0
#8 34.93 Linking readline-8.3-h853b02a_0
#8 34.93 Linking libgfortran-15.2.0-h69a702a_19
#8 34.93 Linking icu-78.3-h33c6efd_0
#8 34.99 Linking gflags-2.2.2-h5888daf_1005
#8 35.00 Linking snappy-1.2.2-h03e3b7b_1
#8 35.00 Linking lz4-c-1.10.0-h5888daf_1
#8 35.00 Linking libabseil-20260526.0-cxx17_h7b12aa8_1
#8 35.14 Linking libstdcxx-ng-15.2.0-hdf11a46_19
#8 35.14 Linking libopenblas-0.3.33-pthreads_h94d23a6_0
#8 35.17 Linking libxml2-16-2.15.3-hca6bf5a_0
#8 35.17 Linking libpsl-0.22.0-h49b2146_1
#8 35.17 Linking libprotobuf-7.35.1-h2840a7c_2
#8 35.23 Linking libre2-11-2025.11.05-h60473fc_2
#8 35.23 Linking libcrc32c-1.1.2-h9c3ff4c_0
#8 35.24 Linking glog-0.7.1-hbabe93e_0
#8 35.24 Linking libblas-3.11.0-8_h4a7cf45_openblas
#8 35.24 Linking libxml2-2.15.3-h49c6c72_0
#8 35.24 Linking re2-2025.11.05-h94463f1_2
#8 35.24 Linking libcblas-3.11.0-8_h0358290_openblas
#8 35.24 Linking liblapack-3.11.0-8_h47877c9_openblas
#8 35.24 Linking python_abi-3.12-8_cp312
#8 35.24 Linking tzdata-2025c-hc9c84f9_1
#8 35.31 Linking ca-certificates-2026.6.17-hbd8a1cb_0
#8 35.31 Linking orc-2.3.0-h443056b_2
#8 35.32 Linking openssl-3.6.3-h35e630c_0
#8 35.34 Linking libssh2-1.11.1-hcf80075_0
#8 35.37 Linking krb5-1.22.2-hbde042b_1
#8 35.39 Linking libgrpc-1.82.1-h792040b_0
#8 35.47 Linking libevent-2.1.12-hf998b51_1
#8 35.48 Linking s2n-1.7.5-h7e3ee7f_1
#8 35.48 Linking libnghttp2-1.68.1-h877daf1_0
#8 35.49 Linking aws-c-cal-0.9.14-h6e18c7b_3
#8 35.49 Linking python-3.12.13-hd63d673_0_cpython
#8 35.82 Linking libthrift-0.22.0-h7d032f7_2
#8 35.83 Linking libcurl-8.21.0-hae6b9f4_2
#8 35.84 Linking aws-c-io-0.26.3-ha0b0e19_6
#8 35.84 Linking prometheus-cpp-1.3.0-ha5d0236_0
#8 35.85 Linking azure-core-cpp-1.16.3-h206d751_0
#8 35.86 Linking aws-c-event-stream-0.7.1-h31346e9_3
#8 35.86 Linking aws-c-http-0.11.0-h434eaf2_3
#8 35.87 Linking libopentelemetry-cpp-1.27.0-h3133023_1
#8 35.88 Linking azure-storage-common-cpp-12.14.0-hf596fc9_1
#8 35.88 Linking azure-identity-cpp-1.13.3-h71f81a8_2
#8 35.89 Linking aws-c-auth-0.10.3-hdc83ae9_4
#8 35.89 Linking aws-c-mqtt-0.16.0-h4976820_1
#8 35.89 Linking libgoogle-cloud-3.6.0-hbc29df5_1
#8 35.92 Linking azure-storage-blobs-cpp-12.18.0-h74b55db_1
#8 35.93 Linking aws-c-s3-0.12.6-hd767fb6_1
#8 35.93 Linking libgoogle-cloud-storage-3.6.0-hdbdcf42_1
#8 35.93 Linking azure-storage-files-datalake-cpp-12.16.0-h1f05bef_1
#8 35.94 Linking aws-crt-cpp-0.40.1-h085388a_2
#8 35.95 Linking aws-sdk-cpp-1.11.833-h799c9a6_8
#8 36.26 Linking libarrow-24.0.0-hcdbc531_10_cpu
#8 36.34 Linking libarrow-compute-24.0.0-h53684a4_10_cpu
#8 36.34 Linking libparquet-24.0.0-h7376487_10_cpu
#8 36.36 Linking libarrow-acero-24.0.0-h635bf11_10_cpu
#8 36.36 Linking libarrow-dataset-24.0.0-h635bf11_10_cpu
#8 36.36 Linking libarrow-substrait-24.0.0-h66fbfdd_10_cpu
#8 36.36 Linking packaging-26.2-pyhc364b38_0
#8 36.38 Linking setuptools-83.0.0-pyh332efcf_0
#8 36.46 Linking wheel-0.47.0-pyhd8ed1ab_0
#8 36.46 Linking pip-26.1.2-pyh8b19718_0
#8 36.55 Linking six-1.17.0-pyhe01879c_1
#8 36.55 Linking threadpoolctl-3.6.0-pyhecae5ae_0
#8 36.55 Linking narwhals-2.24.0-pyhcf101f3_0
#8 36.58 Linking joblib-1.5.3-pyhd8ed1ab_0
#8 36.60 Linking networkx-3.6.1-pyhcf101f3_0
#8 36.74 Linking python-dateutil-2.9.0.post0-pyhe01879c_2
#8 36.75 Linking pyarrow-core-24.0.0-py312h2054cf2_0_cpu
#8 36.92 Linking numpy-2.5.1-py312h33ff503_0
#8 37.18 Linking pyarrow-24.0.0-py312h7900ff3_0
#8 37.18 Linking scipy-1.18.0-py312h54fa4ab_0
#8 37.46 Linking pandas-3.0.3-py312h8ecdadd_0
#8 37.94 Linking scikit-learn-1.9.0-np2py312h3226591_0
#8 38.26 
#8 38.26 Transaction finished
#8 38.26 
#8 38.26 
#8 38.26 To activate this environment, use:
#8 38.26 
#8 38.26     mamba activate ecspr_env
#8 38.26 
#8 38.26 Or to execute a single command in this environment, use:
#8 38.26 
#8 38.26     mamba run -n ecspr_env mycommand
#8 38.26 
#8 DONE 45.0s

#9 [build-env 5/8] RUN --mount=type=cache,target=/root/.cache/pip     pip install --index-url https://download.pytorch.org/whl/cu128 torch
#9 2.180 Looking in indexes: https://download.pytorch.org/whl/cu128
#9 2.316 Collecting torch
#9 2.550   Downloading torch-2.11.0%2Bcu128-cp312-cp312-manylinux_2_28_x86_64.whl.metadata (29 kB)
#9 2.661 Collecting filelock (from torch)
#9 2.764   Downloading filelock-3.29.0-py3-none-any.whl.metadata (2.0 kB)
#9 3.034 Collecting typing-extensions>=4.10.0 (from torch)
#9 3.054   Downloading typing_extensions-4.15.0-py3-none-any.whl.metadata (3.3 kB)
#9 3.107 Collecting setuptools<82 (from torch)
#9 3.122   Downloading setuptools-78.1.0-py3-none-any.whl.metadata (6.6 kB)
#9 3.189 Collecting sympy>=1.13.3 (from torch)
#9 3.207   Downloading sympy-1.14.0-py3-none-any.whl.metadata (12 kB)
#9 3.224 Requirement already satisfied: networkx>=2.5.1 in ./opt/conda/envs/ecspr_env/lib/python3.12/site-packages (from torch) (3.6.1)
#9 3.268 Collecting jinja2 (from torch)
#9 3.285   Downloading jinja2-3.1.6-py3-none-any.whl.metadata (2.9 kB)
#9 3.390 Collecting fsspec>=0.8.5 (from torch)
#9 3.407   Downloading fsspec-2026.4.0-py3-none-any.whl.metadata (10 kB)
#9 3.695 Collecting cuda-toolkit==12.8.1 (from cuda-toolkit[cublas,cudart,cufft,cufile,cupti,curand,cusolver,cusparse,nvjitlink,nvrtc,nvtx]==12.8.1; platform_system == "Linux"->torch)
#9 3.822   Downloading cuda_toolkit-12.8.1-py2.py3-none-any.whl (2.3 kB)
#9 3.872 Collecting cuda-bindings<13,>=12.9.4 (from torch)
#9 3.894   Downloading cuda_bindings-12.9.4-cp312-cp312-manylinux_2_24_x86_64.manylinux_2_28_x86_64.whl.metadata (2.6 kB)
#9 4.241 Collecting nvidia-cudnn-cu12==9.19.0.56 (from torch)
#9 4.265   Downloading nvidia_cudnn_cu12-9.19.0.56-py3-none-manylinux_2_27_x86_64.whl (657.9 MB)
#9 52.86      ━━━━━━━━━━━━━━━━━━━━━━━━━━━━━━━━━━━━━━━━ 657.9/657.9 MB 12.2 MB/s  0:00:54
#9 53.63 Collecting nvidia-cusparselt-cu12==0.7.1 (from torch)
#9 53.65   Downloading nvidia_cusparselt_cu12-0.7.1-py3-none-manylinux2014_x86_64.whl (287.2 MB)
#9 74.67      ━━━━━━━━━━━━━━━━━━━━━━━━━━━━━━━━━━━━━━━━ 287.2/287.2 MB 12.1 MB/s  0:00:23
#9 75.12 Collecting nvidia-nccl-cu12==2.28.9 (from torch)
#9 75.14   Downloading nvidia_nccl_cu12-2.28.9-py3-none-manylinux_2_18_x86_64.whl (296.8 MB)
#9 96.63      ━━━━━━━━━━━━━━━━━━━━━━━━━━━━━━━━━━━━━━━━ 296.8/296.8 MB 12.3 MB/s  0:00:24
#9 97.08 Collecting nvidia-nvshmem-cu12==3.4.5 (from torch)
#9 97.10   Downloading nvidia_nvshmem_cu12-3.4.5-py3-none-manylinux2014_x86_64.manylinux_2_17_x86_64.whl (139.1 MB)
#9 108.8      ━━━━━━━━━━━━━━━━━━━━━━━━━━━━━━━━━━━━━━━━ 139.1/139.1 MB 11.9 MB/s  0:00:11
#9 109.0 Collecting triton==3.6.0 (from torch)
#9 109.1   Downloading triton-3.6.0-cp312-cp312-manylinux_2_27_x86_64.manylinux_2_28_x86_64.whl.metadata (1.7 kB)
#9 109.4 Collecting nvidia-cublas-cu12==12.8.4.1.* (from cuda-toolkit[cublas,cudart,cufft,cufile,cupti,curand,cusolver,cusparse,nvjitlink,nvrtc,nvtx]==12.8.1; platform_system == "Linux"->torch)
#9 109.4   Downloading nvidia_cublas_cu12-12.8.4.1-py3-none-manylinux_2_27_x86_64.whl (594.3 MB)
#9 153.0      ━━━━━━━━━━━━━━━━━━━━━━━━━━━━━━━━━━━━━━━━ 594.3/594.3 MB 12.1 MB/s  0:00:49
#9 153.7 Collecting nvidia-cuda-runtime-cu12==12.8.90.* (from cuda-toolkit[cublas,cudart,cufft,cufile,cupti,curand,cusolver,cusparse,nvjitlink,nvrtc,nvtx]==12.8.1; platform_system == "Linux"->torch)
#9 153.7   Downloading nvidia_cuda_runtime_cu12-12.8.90-py3-none-manylinux2014_x86_64.manylinux_2_17_x86_64.whl (954 kB)
#9 153.8      ━━━━━━━━━━━━━━━━━━━━━━━━━━━━━━━━━━━━━━━━ 954.8/954.8 kB 12.4 MB/s  0:00:00
#9 154.0 Collecting nvidia-cufft-cu12==11.3.3.83.* (from cuda-toolkit[cublas,cudart,cufft,cufile,cupti,curand,cusolver,cusparse,nvjitlink,nvrtc,nvtx]==12.8.1; platform_system == "Linux"->torch)
#9 154.1   Downloading nvidia_cufft_cu12-11.3.3.83-py3-none-manylinux2014_x86_64.manylinux_2_17_x86_64.whl (193.1 MB)
#9 169.6      ━━━━━━━━━━━━━━━━━━━━━━━━━━━━━━━━━━━━━━━━ 193.1/193.1 MB 12.4 MB/s  0:00:15
#9 170.3 Collecting nvidia-cufile-cu12==1.13.1.3.* (from cuda-toolkit[cublas,cudart,cufft,cufile,cupti,curand,cusolver,cusparse,nvjitlink,nvrtc,nvtx]==12.8.1; platform_system == "Linux"->torch)
#9 170.3   Downloading nvidia_cufile_cu12-1.13.1.3-py3-none-manylinux2014_x86_64.manylinux_2_17_x86_64.whl (1.2 MB)
#9 167.4      ━━━━━━━━━━━━━━━━━━━━━━━━━━━━━━━━━━━━━━━━ 1.2/1.2 MB 12.6 MB/s  0:00:00
#9 167.6 Collecting nvidia-cuda-cupti-cu12==12.8.90.* (from cuda-toolkit[cublas,cudart,cufft,cufile,cupti,curand,cusolver,cusparse,nvjitlink,nvrtc,nvtx]==12.8.1; platform_system == "Linux"->torch)
#9 167.7   Downloading nvidia_cuda_cupti_cu12-12.8.90-py3-none-manylinux2014_x86_64.manylinux_2_17_x86_64.whl (10.2 MB)
#9 168.4      ━━━━━━━━━━━━━━━━━━━━━━━━━━━━━━━━━━━━━━━━ 10.2/10.2 MB 13.2 MB/s  0:00:00
#9 168.8 Collecting nvidia-curand-cu12==10.3.9.90.* (from cuda-toolkit[cublas,cudart,cufft,cufile,cupti,curand,cusolver,cusparse,nvjitlink,nvrtc,nvtx]==12.8.1; platform_system == "Linux"->torch)
#9 168.9   Downloading nvidia_curand_cu12-10.3.9.90-py3-none-manylinux_2_27_x86_64.whl (63.6 MB)
#9 173.8      ━━━━━━━━━━━━━━━━━━━━━━━━━━━━━━━━━━━━━━━━ 63.6/63.6 MB 13.0 MB/s  0:00:04
#9 174.1 Collecting nvidia-cusolver-cu12==11.7.3.90.* (from cuda-toolkit[cublas,cudart,cufft,cufile,cupti,curand,cusolver,cusparse,nvjitlink,nvrtc,nvtx]==12.8.1; platform_system == "Linux"->torch)
#9 174.1   Downloading nvidia_cusolver_cu12-11.7.3.90-py3-none-manylinux_2_27_x86_64.whl (267.5 MB)
#9 194.9      ━━━━━━━━━━━━━━━━━━━━━━━━━━━━━━━━━━━━━━━━ 267.5/267.5 MB 12.9 MB/s  0:00:20
#9 195.4 Collecting nvidia-cusparse-cu12==12.5.8.93.* (from cuda-toolkit[cublas,cudart,cufft,cufile,cupti,curand,cusolver,cusparse,nvjitlink,nvrtc,nvtx]==12.8.1; platform_system == "Linux"->torch)
#9 195.4   Downloading nvidia_cusparse_cu12-12.5.8.93-py3-none-manylinux2014_x86_64.manylinux_2_17_x86_64.whl (288.2 MB)
#9 215.4      ━━━━━━━━━━━━━━━━━━━━━━━━━━━━━━━━━━━━━━━━ 288.2/288.2 MB 12.6 MB/s  0:00:22
#9 215.8 Collecting nvidia-nvjitlink-cu12==12.8.93.* (from cuda-toolkit[cublas,cudart,cufft,cufile,cupti,curand,cusolver,cusparse,nvjitlink,nvrtc,nvtx]==12.8.1; platform_system == "Linux"->torch)
#9 215.9   Downloading nvidia_nvjitlink_cu12-12.8.93-py3-none-manylinux2010_x86_64.manylinux_2_12_x86_64.whl (39.3 MB)
#9 218.6      ━━━━━━━━━━━━━━━━━━━━━━━━━━━━━━━━━━━━━━━━ 39.3/39.3 MB 14.1 MB/s  0:00:02
#9 219.0 Collecting nvidia-cuda-nvrtc-cu12==12.8.93.* (from cuda-toolkit[cublas,cudart,cufft,cufile,cupti,curand,cusolver,cusparse,nvjitlink,nvrtc,nvtx]==12.8.1; platform_system == "Linux"->torch)
#9 219.0   Downloading nvidia_cuda_nvrtc_cu12-12.8.93-py3-none-manylinux2010_x86_64.manylinux_2_12_x86_64.whl (88.0 MB)
#9 222.8      ━━━━━━━━━━━━━━━━━━━━━━━━━━━━━━━━━━━━━━━━ 88.0/88.0 MB 13.4 MB/s  0:00:06
#9 223.1 Collecting nvidia-nvtx-cu12==12.8.90.* (from cuda-toolkit[cublas,cudart,cufft,cufile,cupti,curand,cusolver,cusparse,nvjitlink,nvrtc,nvtx]==12.8.1; platform_system == "Linux"->torch)
#9 223.1   Downloading nvidia_nvtx_cu12-12.8.90-py3-none-manylinux2014_x86_64.manylinux_2_17_x86_64.whl (89 kB)
#9 223.2 Collecting cuda-pathfinder~=1.1 (from cuda-bindings<13,>=12.9.4->torch)
#9 223.2   Downloading cuda_pathfinder-1.2.2-py3-none-any.whl.metadata (3.2 kB)
#9 223.4 Collecting mpmath<1.4,>=1.1.0 (from sympy>=1.13.3->torch)
#9 223.4   Downloading mpmath-1.3.0-py3-none-any.whl.metadata (8.6 kB)
#9 223.5 Collecting MarkupSafe>=2.0 (from jinja2->torch)
#9 223.5   Downloading markupsafe-3.0.3-cp312-cp312-manylinux2014_x86_64.manylinux_2_17_x86_64.manylinux_2_28_x86_64.whl.metadata (2.7 kB)
#9 223.6 Downloading torch-2.11.0%2Bcu128-cp312-cp312-manylinux_2_28_x86_64.whl (820.3 MB)
#9 289.1    ━━━━━━━━━━━━━━━━━━━━━━━━━━━━━━━━━━━━━━━━ 820.3/820.3 MB 10.3 MB/s  0:01:10
#9 289.1 Downloading triton-3.6.0-cp312-cp312-manylinux_2_27_x86_64.manylinux_2_28_x86_64.whl (188.3 MB)
#9 305.2    ━━━━━━━━━━━━━━━━━━━━━━━━━━━━━━━━━━━━━━━━ 188.3/188.3 MB 11.7 MB/s  0:00:16
#9 305.2 Downloading cuda_bindings-12.9.4-cp312-cp312-manylinux_2_24_x86_64.manylinux_2_28_x86_64.whl (12.2 MB)
#9 306.5    ━━━━━━━━━━━━━━━━━━━━━━━━━━━━━━━━━━━━━━━━ 12.2/12.2 MB 12.2 MB/s  0:00:01
#9 306.6 Downloading cuda_pathfinder-1.2.2-py3-none-any.whl (23 kB)
#9 306.6 Downloading setuptools-78.1.0-py3-none-any.whl (1.3 MB)
#9 303.7    ━━━━━━━━━━━━━━━━━━━━━━━━━━━━━━━━━━━━━━━━ 1.3/1.3 MB 8.3 MB/s  0:00:00
#9 303.7 Downloading fsspec-2026.4.0-py3-none-any.whl (203 kB)
#9 303.8 Downloading sympy-1.14.0-py3-none-any.whl (6.3 MB)
#9 304.4    ━━━━━━━━━━━━━━━━━━━━━━━━━━━━━━━━━━━━━━━━ 6.3/6.3 MB 11.0 MB/s  0:00:00
#9 304.4 Downloading mpmath-1.3.0-py3-none-any.whl (536 kB)
#9 304.4    ━━━━━━━━━━━━━━━━━━━━━━━━━━━━━━━━━━━━━━━━ 536.2/536.2 kB 8.0 MB/s  0:00:00
#9 304.4 Downloading typing_extensions-4.15.0-py3-none-any.whl (44 kB)
#9 304.5 Downloading filelock-3.29.0-py3-none-any.whl (39 kB)
#9 304.5 Downloading jinja2-3.1.6-py3-none-any.whl (134 kB)
#9 304.6 Downloading markupsafe-3.0.3-cp312-cp312-manylinux2014_x86_64.manylinux_2_17_x86_64.manylinux_2_28_x86_64.whl (22 kB)
#9 305.4 Installing collected packages: nvidia-cusparselt-cu12, mpmath, cuda-toolkit, typing-extensions, triton, sympy, setuptools, nvidia-nvtx-cu12, nvidia-nvshmem-cu12, nvidia-nvjitlink-cu12, nvidia-nccl-cu12, nvidia-curand-cu12, nvidia-cufile-cu12, nvidia-cuda-runtime-cu12, nvidia-cuda-nvrtc-cu12, nvidia-cuda-cupti-cu12, nvidia-cublas-cu12, MarkupSafe, fsspec, filelock, cuda-pathfinder, nvidia-cusparse-cu12, nvidia-cufft-cu12, nvidia-cudnn-cu12, jinja2, cuda-bindings, nvidia-cusolver-cu12, torch
#9 315.1   Attempting uninstall: setuptools
#9 315.1     Found existing installation: setuptools 83.0.0
#9 315.1     Uninstalling setuptools-83.0.0:
#9 315.4       Successfully uninstalled setuptools-83.0.0
#9 359.2 
#9 359.2 Successfully installed MarkupSafe-3.0.3 cuda-bindings-12.9.4 cuda-pathfinder-1.2.2 cuda-toolkit-12.8.1 filelock-3.29.0 fsspec-2026.4.0 jinja2-3.1.6 mpmath-1.3.0 nvidia-cublas-cu12-12.8.4.1 nvidia-cuda-cupti-cu12-12.8.90 nvidia-cuda-nvrtc-cu12-12.8.93 nvidia-cuda-runtime-cu12-12.8.90 nvidia-cudnn-cu12-9.19.0.56 nvidia-cufft-cu12-11.3.3.83 nvidia-cufile-cu12-1.13.1.3 nvidia-curand-cu12-10.3.9.90 nvidia-cusolver-cu12-11.7.3.90 nvidia-cusparse-cu12-12.5.8.93 nvidia-cusparselt-cu12-0.7.1 nvidia-nccl-cu12-2.28.9 nvidia-nvjitlink-cu12-12.8.93 nvidia-nvshmem-cu12-3.4.5 nvidia-nvtx-cu12-12.8.90 setuptools-78.1.0 sympy-1.14.0 torch-2.11.0+cu128 triton-3.6.0 typing-extensions-4.15.0
#9 359.2 WARNING: Running pip as the 'root' user can result in broken permissions and conflicting behaviour with the system package manager, possibly rendering your system unusable. It is recommended to use a virtual environment instead: https://pip.pypa.io/warnings/venv. Use the --root-user-action option if you know what you are doing and want to suppress this warning.
#9 DONE 368.4s

#10 [build-env 6/8] RUN python -c "import numpy, scipy, sklearn, pandas, networkx, pyarrow, torch; assert int(numpy.__version__.split('.')[0]) >= 2, f'numpy {numpy.__version__} < 2'; assert torch.version.cuda == '12.8', f'torch CUDA {torch.version.cuda} != 12.8'; print('ecspr image OK: numpy', numpy.__version__, '| torch', torch.__version__,       '| cuda', torch.version.cuda, '| nx', networkx.__version__)"
#10 3.820 ecspr image OK: numpy 2.5.1 | torch 2.11.0+cu128 | cuda 12.8 | nx 3.6.1
#10 DONE 4.4s

#11 [build-env 7/8] ADD ./load/tini /tini
#11 DONE 0.1s

#12 [build-env 8/8] RUN chmod +x /tini
#12 DONE 0.4s

#13 exporting to image
#13 exporting layers
#13 exporting layers 159.4s done
#13 exporting manifest sha256:97f7afad99f55fe66a213851f48f6293f6b328ce7db4fe035a93de6f24f582db 0.0s done
#13 exporting config sha256:40d6a99ad37c1e50ae813d1b9aa37b0b323289df4e2e4426dbc913e6c9b16263 0.0s done
#13 exporting attestation manifest sha256:793ef8e6b7ace04377218c1a8b689e000f5587953dea74dcb69b3b839c4adcb5
#13 exporting attestation manifest sha256:793ef8e6b7ace04377218c1a8b689e000f5587953dea74dcb69b3b839c4adcb5 0.1s done
#13 exporting manifest list sha256:795f38040040ffe1b4e1726d68d84a8b04b32be1e660bdb36fce543efd431f13
#13 exporting manifest list sha256:795f38040040ffe1b4e1726d68d84a8b04b32be1e660bdb36fce543efd431f13 0.0s done
#13 naming to quay.io/hallamlab/external_ecspr:2026.07.14 done
#13 unpacking to quay.io/hallamlab/external_ecspr:2026.07.14
#13 unpacking to quay.io/hallamlab/external_ecspr:2026.07.14 47.8s done
#13 naming to quay.io/hallamlab/external_ecspr:latest 0.0s done
#13 unpacking to quay.io/hallamlab/external_ecspr:latest 0.0s done
#13 DONE 207.7s
tall: setuptools
#9 315.1     Found existing installation: setuptools 83.0.0
#9 315.1     Uninstalling setuptools-83.0.0:
#9 315.4       Successfully uninstalled setuptools-83.0.0
#9 359.2 
#9 359.2 Successfully installed MarkupSafe-3.0.3 cuda-bindings-12.9.4 cuda-pathfinder-1.2.2 cuda-toolkit-12.8.1 filelock-3.29.0 fsspec-2026.4.0 jinja2-3.1.6 mpmath-1.3.0 nvidia-cublas-cu12-12.8.4.1 nvidia-cuda-cupti-cu12-12.8.90 nvidia-cuda-nvrtc-cu12-12.8.93 nvidia-cuda-runtime-cu12-12.8.90 nvidia-cudnn-cu12-9.19.0.56 nvidia-cufft-cu12-11.3.3.83 nvidia-cufile-cu12-1.13.1.3 nvidia-curand-cu12-10.3.9.90 nvidia-cusolver-cu12-11.7.3.90 nvidia-cusparse-cu12-12.5.8.93 nvidia-cusparselt-cu12-0.7.1 nvidia-nccl-cu12-2.28.9 nvidia-nvjitlink-cu12-12.8.93 nvidia-nvshmem-cu12-3.4.5 nvidia-nvtx-cu12-12.8.90 setuptools-78.1.0 sympy-1.14.0 torch-2.11.0+cu128 triton-3.6.0 typing-extensions-4.15.0
#9 359.2 WARNING: Running pip as the 'root' user can result in broken permissions and conflicting behaviour with the system package manager, possibly rendering your system unusable. It is recommended to use a virtual environment instead: https://pip.pypa.io/warnings/venv. Use the --root-user-action option if you know what you are doing and want to suppress this warning.
#9 DONE 368.4s

#10 [build-env 6/8] RUN python -c "import numpy, scipy, sklearn, pandas, networkx, pyarrow, torch; assert int(numpy.__version__.split('.')[0]) >= 2, f'numpy {numpy.__version__} < 2'; assert torch.version.cuda == '12.8', f'torch CUDA {torch.version.cuda} != 12.8'; print('ecspr image OK: numpy', numpy.__version__, '| torch', torch.__version__,       '| cuda', torch.version.cuda, '| nx', networkx.__version__)"
#10 3.820 ecspr image OK: numpy 2.5.1 | torch 2.11.0+cu128 | cuda 12.8 | nx 3.6.1
#10 DONE 4.4s

#11 [build-env 7/8] ADD ./load/tini /tini
#11 DONE 0.1s

#12 [build-env 8/8] RUN chmod +x /tini
#12 DONE 0.4s

#13 exporting to image
#13 exporting layers
#13 exporting layers 159.4s done
#13 exporting manifest sha256:97f7afad99f55fe66a213851f48f6293f6b328ce7db4fe035a93de6f24f582db 0.0s done
#13 exporting config sha256:40d6a99ad37c1e50ae813d1b9aa37b0b323289df4e2e4426dbc913e6c9b16263 0.0s done
#13 exporting attestation manifest sha256:ca3d908d16fc2c3a9d3fa1ec484536930a5a35bfed824b203f1d9b590381b348
#13 exporting attestation manifest sha256:ca3d908d16fc2c3a9d3fa1ec484536930a5a35bfed824b203f1d9b590381b348 0.1s done
#13 exporting manifest list sha256:8ce9da69077f3a40f686923abd805c8c3da288919fab9fc3f16ad3014f1e4433
#13 exporting manifest list sha256:8ce9da69077f3a40f686923abd805c8c3da288919fab9fc3f16ad3014f1e4433 0.1s done
#13 naming to quay.io/hallamlab/external_ecspr:2026.07.14 0.0s done
#13 unpacking to quay.io/hallamlab/external_ecspr:2026.07.14
#13 unpacking to quay.io/hallamlab/external_ecspr:2026.07.14 47.9s done
#13 naming to quay.io/hallamlab/external_ecspr:latest 0.0s done
#13 unpacking to quay.io/hallamlab/external_ecspr:latest 0.0s done
#13 DONE 207.8s
